{
  "timestamp": 1523364075,
  "duration": 600,
  "graphType": "versionedApp",
  "elements": {
    "nodes": [
      {
        "data": {
          "id": "7fb749d8703ff9fde566213cb1c98b41",
          "nodeType": "service",
          "namespace": "bookinfo",
          "service": "app.example.com",
          "destServices": [
            {
              "namespace": "bookinfo",
              "name": "app.example.com"
            }
          ],
          "traffic": [
            {
              "protocol": "http",
              "rates": {
                "httpIn": "300.00"
              }
            }
          ]
        }
      },
      {
        "data": {
          "id": "a1ffc0d6abdf480e17b214b85257e633",
          "nodeType": "app",
          "namespace": "bookinfo",
          "workload": "productpage-v1",
          "app": "productpage",
          "version": "v1",
          "destServices": [
            {
              "namespace": "bookinfo",
              "name": "productpage"
            }
          ],
          "traffic": [
            {
              "protocol": "http",
              "rates": {
                "httpIn": "50.00"
              }
            }
          ]
        }
      },
      {
        "data": {
          "id": "332209947916c37701f39500789b6792",
          "nodeType": "app",
          "namespace": "istio-system",
          "workload": "istio-egressgateway",
          "app": "istio-egressgateway",
          "version": "latest",
          "traffic": [
            {
              "protocol": "http",
              "rates": {
                "httpOut": "400.00"
              }
            }
          ]
        }
      },
      {
        "data": {
          "id": "d75c918a12f72a1ea1797911cb9770f7",
          "nodeType": "app",
          "namespace": "tutorial",
          "workload": "customer-v1",
          "app": "customer",
          "version": "v1",
          "destServices": [
            {
              "namespace": "tutorial",
              "name": "customer"
            }
          ],
          "traffic": [
            {
              "protocol": "grpc",
              "rates": {
                "grpcIn": "50.00",
                "grpcOut": "600.00"
              }
            },
            {
              "protocol": "http",
              "rates": {
                "httpOut": "1250.00"
              }
            }
          ]
        }
      },
      {
        "data": {
          "id": "c4d8519b61e39974286357006b354f99",
          "nodeType": "service",
          "namespace": "unknown",
          "service": "app.example-2.com",
          "destServices": [
            {
              "namespace": "unknown",
              "name": "app.example-2.com"
            }
          ],
          "traffic": [
            {
              "protocol": "http",
              "rates": {
                "httpIn": "400.00"
              }
            }
          ],
          "isInaccessible": true
        }
      },
      {
        "data": {
          "id": "b30b0078325bf2e1adb4d57c4c0c2665",
          "nodeType": "unknown",
          "namespace": "unknown",
          "workload": "unknown",
          "app": "unknown",
          "version": "unknown",
          "traffic": [
            {
              "protocol": "grpc",
              "rates": {
                "grpcOut": "50.00"
              }
            },
            {
              "protocol": "http",
              "rates": {
                "httpOut": "50.00"
              }
            }
          ],
          "isInaccessible": true,
          "isRoot": true
        }
      }
    ],
    "edges": [
      {
        "data": {
          "id": "b8652735083f361a13ab190a26f37e89",
          "source": "332209947916c37701f39500789b6792",
          "target": "c4d8519b61e39974286357006b354f99",
          "traffic": {
            "protocol": "http",
            "rates": {
              "http": "400.00",
              "httpPercentReq": "100.0"
            },
            "responses": {
              "200": {
                "flags": {
                  "-": "100.0"
                },
                "hosts": {
                  "app.example-2.com": "100.0"
                }
              }
            }
          }
        }
      },
      {
        "data": {
          "id": "e0040271cbc5fd1bcf9e605d7a2c367d",
          "source": "b30b0078325bf2e1adb4d57c4c0c2665",
          "target": "a1ffc0d6abdf480e17b214b85257e633",
          "traffic": {
            "protocol": "http",
            "rates": {
              "http": "50.00",
              "httpPercentReq": "100.0"
            },
            "responses": {
              "200": {
                "flags": {
                  "-": "100.0"
                },
                "hosts": {
                  "productpage:9080": "100.0"
                }
              }
            }
          }
        }
      },
      {
        "data": {
          "id": "1f024523da856e5b5a549d4a64b26cd3",
          "source": "b30b0078325bf2e1adb4d57c4c0c2665",
          "target": "d75c918a12f72a1ea1797911cb9770f7",
          "traffic": {
            "protocol": "grpc",
            "rates": {
              "grpc": "50.00",
              "grpcPercentReq": "100.0"
            },
            "responses": {
              "0": {
                "flags": {
                  "-": "100.0"
                },
                "hosts": {
                  "customer:9080": "100.0"
                }
              }
            }
          }
        }
      },
      {
        "data": {
          "id": "864c8eae6f988891d9df2d9f378eece5",
          "source": "d75c918a12f72a1ea1797911cb9770f7",
          "target": "332209947916c37701f39500789b6792",
          "traffic": {
            "protocol": "http",
            "rates": {
              "http": "900.00",
              "httpNoResponse": "500.00",
              "httpPercentErr": "55.6",
              "httpPercentReq": "72.0"
            },
            "responses": {
              "-": {
                "flags": {
                  "DC": "55.6"
                },
                "hosts": {
                  "istio-egressgateway.istio-system.svc.cluster.local": "55.6"
                }
              },
              "200": {
                "flags": {
                  "-": "44.4"
                },
                "hosts": {
                  "istio-egressgateway.istio-system.svc.cluster.local": "44.4"
                }
              }
            }
          }
        }
      },
      {
        "data": {
          "id": "485623cf19d454363bc392d13e19902f",
          "source": "d75c918a12f72a1ea1797911cb9770f7",
          "target": "332209947916c37701f39500789b6792",
          "traffic": {
            "protocol": "grpc",
            "rates": {
              "grpc": "600.00",
              "grpcNoResponse": "600.00",
              "grpcPercentErr": "100.0",
              "grpcPercentReq": "100.0"
            },
            "responses": {
              "-": {
                "flags": {
                  "DC": "100.0"
                },
                "hosts": {
                  "istio-egressgateway.istio-system.svc.cluster.local": "100.0"
                }
              }
            }
          }
        }
      },
      {
        "data": {
          "id": "62adcb3e419f4bcee6f1528dd9d2eb56",
          "source": "d75c918a12f72a1ea1797911cb9770f7",
          "target": "7fb749d8703ff9fde566213cb1c98b41",
          "traffic": {
            "protocol": "http",
            "rates": {
              "http": "300.00",
              "httpPercentReq": "24.0"
            },
            "responses": {
              "200": {
                "flags": {
                  "-": "100.0"
                },
                "hosts": {
                  "app.example.com": "100.0"
                }
              }
            }
          }
        }
      },
      {
        "data": {
          "id": "de3e83491767bce819c83b9f9a75b497",
          "source": "d75c918a12f72a1ea1797911cb9770f7",
          "target": "a1ffc0d6abdf480e17b214b85257e633",
          "traffic": {
            "protocol": "http",
            "rates": {
              "http": "50.00",
              "httpPercentReq": "4.0"
            },
            "responses": {
              "200": {
                "flags": {
                  "-": "100.0"
                },
                "hosts": {
                  "productpage:9080": "100.0"
                }
              }
            }
          }
        }
      }
    ]
  }
}
